main.cpp:82:5:int main()	8	static
main.cpp:133:6:void SystemClock_Config()	88	static
main.cpp:183:13:void MX_ADC1_Init()	24	static
main.cpp:233:13:void MX_ADC3_Init()	24	static
main.cpp:299:13:void MX_TIM2_Init()	32	static
main.cpp:342:13:void MX_DMA_Init()	16	static
main.cpp:363:13:void MX_GPIO_Init()	64	static
main.cpp:627:6:void HAL_TIM_PeriodElapsedCallback(TIM_HandleTypeDef*)	16	static
main.cpp:638:6:void HAL_ADC_ConvCpltCallback(ADC_HandleTypeDef*)	16	static
main.cpp:648:6:void Error_Handler()	4	static
